[WARN] [1791544640.570626]: clear_scheduler: clear_costmaps failed: service [/move_base/clear_costmaps] returned no response
[INFO] [1791544586.494424]: clear_scheduler: started, clear_costmaps every 1.00s after goal, no replanning
[INFO] [1791544586.541309]: clear_scheduler: pause=False
[INFO] [1791544599.584153]: clear_scheduler: pause=True
[INFO] [1791544606.217194]: clear_scheduler: pause=True
[INFO] [1791544606.220106]: clear_scheduler: active goal=(-3.349, -1.778), periodic map refresh enabled
[INFO] [1791544608.223315]: clear_scheduler: pause=False
[INFO] [1791544608.531665]: clear_scheduler: clear_costmaps called
[INFO] [1791544610.530800]: clear_scheduler: clear_costmaps called
[INFO] [1791544611.534637]: clear_scheduler: clear_costmaps called
[INFO] [1791544612.537233]: clear_scheduler: clear_costmaps called
[INFO] [1791544614.536987]: clear_scheduler: clear_costmaps called
[INFO] [1791544616.528146]: clear_scheduler: clear_costmaps called
[INFO] [1791544618.522693]: clear_scheduler: clear_costmaps called
[INFO] [1791544619.531973]: clear_scheduler: clear_costmaps called
[INFO] [1791544621.528400]: clear_scheduler: clear_costmaps called
[INFO] [1791544622.533759]: clear_scheduler: clear_costmaps called
[INFO] [1791544624.531051]: clear_scheduler: clear_costmaps called
[INFO] [1791544626.545669]: clear_scheduler: clear_costmaps called
[INFO] [1791544628.545993]: clear_scheduler: clear_costmaps called
[INFO] [1791544630.530817]: clear_scheduler: clear_costmaps called
[INFO] [1791544632.525132]: clear_scheduler: clear_costmaps called
[INFO] [1791544633.554004]: clear_scheduler: clear_costmaps called
[INFO] [1791544635.528764]: clear_scheduler: clear_costmaps called
[INFO] [1791544636.528906]: clear_scheduler: clear_costmaps called
[INFO] [1791544637.557773]: clear_scheduler: clear_costmaps called
[INFO] [1791544639.520107]: clear_scheduler: clear_costmaps called
