[INFO] [1790587454.953827]: === encoder_odom 参数 ===
[INFO] [1790587454.955675]: wheel_radius    = 0.1065
[INFO] [1790587454.957388]: wheel_base      = 0.8
[INFO] [1790587454.959073]: pluse           = 0.002061
[INFO] [1790587454.960597]: dist_per_tick   = 0.00000383 m
[INFO] [1790587454.962244]: initial_pose    = (0.0, -0.8, 0.0)
[INFO] [1790587454.964089]: ========================
[INFO] [1790587454.982501]: encoder_odom 已启动，等待 /wheel_ticks ...
[INFO] [1790587454.985478]: 提示: 确保 read_uart.py 也在运行，否则收不到编码器数据
[INFO] [1790587455.062109]: 收到第一条编码器数据: ltick=1552740, rtick=-272668
[INFO] [1790587455.065317]: 里程计开始计算...
[INFO] [1790587455.073364]: 编码器: ltick=1552740 rtick=-272668 Δl=0 Δr=0 d_left=0.0000m d_right=0.0000m
[INFO] [1790587455.076290]: 里程计: x=0.000 y=-0.800 θ=0.000 v=0.000m/s ω=0.000rad/s
[INFO] [1790587455.079224]: 已发布 /odom: pose=(0.00, -0.80, 0.00)
[INFO] [1790587457.075879]: 编码器: ltick=1552740 rtick=-272668 Δl=0 Δr=0 d_left=0.0000m d_right=0.0000m
[INFO] [1790587457.079231]: 里程计: x=0.000 y=-0.800 θ=0.000 v=0.000m/s ω=0.000rad/s
[INFO] [1790587457.085129]: 已发布 /odom: pose=(0.00, -0.80, 0.00)
[INFO] [1790587459.089253]: 编码器: ltick=1552740 rtick=-272668 Δl=0 Δr=0 d_left=0.0000m d_right=0.0000m
[INFO] [1790587459.093313]: 里程计: x=0.000 y=-0.800 θ=0.000 v=0.000m/s ω=0.000rad/s
[INFO] [1790587459.100276]: 已发布 /odom: pose=(0.00, -0.80, 0.00)
[INFO] [1790587461.151052]: 编码器: ltick=1552740 rtick=-272668 Δl=0 Δr=0 d_left=0.0000m d_right=0.0000m
[INFO] [1790587461.156920]: 里程计: x=0.000 y=-0.800 θ=0.000 v=0.000m/s ω=0.000rad/s
[INFO] [1790587461.161403]: 已发布 /odom: pose=(0.00, -0.80, 0.00)
[INFO] [1790587463.183300]: 已发布 /odom: pose=(0.00, -0.80, 0.00)
[INFO] [1790587463.222184]: 编码器: ltick=1552740 rtick=-272668 Δl=0 Δr=0 d_left=0.0000m d_right=0.0000m
[INFO] [1790587463.225952]: 里程计: x=0.000 y=-0.800 θ=0.000 v=0.000m/s ω=0.000rad/s
[INFO] [1790587465.183340]: 已发布 /odom: pose=(0.00, -0.80, 0.00)
[INFO] [1790587465.239264]: 编码器: ltick=1552740 rtick=-272668 Δl=0 Δr=0 d_left=0.0000m d_right=0.0000m
[INFO] [1790587465.243318]: 里程计: x=0.000 y=-0.800 θ=0.000 v=0.000m/s ω=0.000rad/s
[INFO] [1790587467.183342]: 已发布 /odom: pose=(0.00, -0.80, 0.00)
[INFO] [1790587467.312332]: 编码器: ltick=1552740 rtick=-272668 Δl=0 Δr=0 d_left=0.0000m d_right=0.0000m
[INFO] [1790587467.316061]: 里程计: x=0.000 y=-0.800 θ=0.000 v=0.000m/s ω=0.000rad/s
[INFO] [1790587469.183873]: 已发布 /odom: pose=(-0.00, -0.80, -0.13)
[INFO] [1790587469.338407]: 编码器: ltick=1567337 rtick=-289305 Δl=632 Δr=-660 d_left=0.0024m d_right=-0.0025m
[INFO] [1790587469.341219]: 里程计: x=-0.004 y=-0.800 θ=-0.150 v=-0.001m/s ω=-0.114rad/s
[INFO] [1790587471.185952]: 已发布 /odom: pose=(-0.00, -0.80, -0.38)
[INFO] [1790587471.339226]: 编码器: ltick=1593436 rtick=-315535 Δl=664 Δr=-655 d_left=0.0025m d_right=-0.0025m
[INFO] [1790587471.342329]: 里程计: x=-0.004 y=-0.800 θ=-0.400 v=0.000m/s ω=-0.106rad/s
[INFO] [1790587473.239354]: 已发布 /odom: pose=(-0.00, -0.80, -0.64)
[INFO] [1790587473.383542]: 编码器: ltick=1620362 rtick=-342650 Δl=668 Δr=-657 d_left=0.0026m d_right=-0.0025m
[INFO] [1790587473.389926]: 里程计: x=-0.004 y=-0.800 θ=-0.659 v=0.000m/s ω=-0.141rad/s
[INFO] [1790587475.283447]: 已发布 /odom: pose=(-0.00, -0.80, -0.89)
[INFO] [1790587475.438886]: 编码器: ltick=1647515 rtick=-369618 Δl=644 Δr=-665 d_left=0.0025m d_right=-0.0025m
[INFO] [1790587475.441560]: 里程计: x=-0.004 y=-0.800 θ=-0.918 v=-0.001m/s ω=-0.109rad/s
[INFO] [1790587477.283659]: 已发布 /odom: pose=(-0.00, -0.80, -1.15)
[INFO] [1790587477.484091]: 编码器: ltick=1674563 rtick=-396648 Δl=645 Δr=-661 d_left=0.0025m d_right=-0.0025m
[INFO] [1790587477.487300]: 里程计: x=-0.004 y=-0.800 θ=-1.177 v=-0.001m/s ω=-0.137rad/s
[INFO] [1790587479.285646]: 已发布 /odom: pose=(-0.00, -0.80, -1.40)
[INFO] [1790587479.485849]: 编码器: ltick=1700890 rtick=-422829 Δl=662 Δr=-649 d_left=0.0025m d_right=-0.0025m
[INFO] [1790587479.489023]: 里程计: x=-0.004 y=-0.800 θ=-1.428 v=0.001m/s ω=-0.132rad/s
[INFO] [1790587481.343345]: 已发布 /odom: pose=(-0.00, -0.80, -1.66)
[INFO] [1790587481.538356]: 编码器: ltick=1727862 rtick=-450023 Δl=658 Δr=-646 d_left=0.0025m d_right=-0.0025m
[INFO] [1790587481.540937]: 里程计: x=-0.004 y=-0.800 θ=-1.688 v=0.000m/s ω=-0.113rad/s
[INFO] [1790587483.383432]: 已发布 /odom: pose=(-0.00, -0.80, -1.92)
[INFO] [1790587483.542750]: 编码器: ltick=1754341 rtick=-476396 Δl=659 Δr=-670 d_left=0.0025m d_right=-0.0026m
[INFO] [1790587483.545721]: 里程计: x=-0.004 y=-0.800 θ=-1.941 v=-0.000m/s ω=-0.110rad/s
[INFO] [1790587485.384337]: 已发布 /odom: pose=(-0.00, -0.80, -2.17)
[INFO] [1790587485.585461]: 编码器: ltick=1781215 rtick=-503473 Δl=670 Δr=-684 d_left=0.0026m d_right=-0.0026m
[INFO] [1790587485.588109]: 里程计: x=-0.004 y=-0.800 θ=-2.199 v=-0.001m/s ω=-0.160rad/s
[INFO] [1790587487.385987]: 已发布 /odom: pose=(-0.00, -0.80, -2.43)
[INFO] [1790587487.586418]: 编码器: ltick=1807644 rtick=-529854 Δl=659 Δr=-666 d_left=0.0025m d_right=-0.0026m
[INFO] [1790587487.588845]: 里程计: x=-0.004 y=-0.800 θ=-2.452 v=-0.000m/s ω=-0.146rad/s
[INFO] [1790587489.388045]: 已发布 /odom: pose=(-0.00, -0.80, -2.63)
[INFO] [1790587489.633759]: 编码器: ltick=1826278 rtick=-548367 Δl=0 Δr=0 d_left=0.0000m d_right=0.0000m
[INFO] [1790587489.636602]: 里程计: x=-0.004 y=-0.800 θ=-2.630 v=0.000m/s ω=0.000rad/s
[INFO] [1790587491.426100]: 已发布 /odom: pose=(-0.20, -0.91, -2.69)
[INFO] [1790587491.676450]: 编码器: ltick=1904256 rtick=-489730 Δl=2733 Δr=1164 d_left=0.0105m d_right=0.0045m
[INFO] [1790587491.679219]: 里程计: x=-0.235 y=-0.923 θ=-2.723 v=0.158m/s ω=-0.159rad/s
[INFO] [1790587493.428023]: 已发布 /odom: pose=(-0.51, -1.01, -2.91)
[INFO] [1790587493.677960]: 编码器: ltick=2009977 rtick=-426700 Δl=2318 Δr=1774 d_left=0.0089m d_right=0.0068m
[INFO] [1790587493.681360]: 里程计: x=-0.544 y=-1.017 θ=-2.927 v=0.153m/s ω=-0.051rad/s
[INFO] [1790587495.429498]: 已发布 /odom: pose=(-0.80, -1.06, -2.98)
[INFO] [1790587495.679564]: 编码器: ltick=2092413 rtick=-355708 Δl=1933 Δr=1871 d_left=0.0074m d_right=0.0072m
[INFO] [1790587495.684122]: 里程计: x=-0.833 y=-1.070 θ=-2.982 v=0.142m/s ω=-0.006rad/s
[INFO] [1790587497.477374]: 已发布 /odom: pose=(-1.09, -1.11, -3.00)
[INFO] [1790587497.727495]: 编码器: ltick=2172574 rtick=-279139 Δl=1913 Δr=1881 d_left=0.0073m d_right=0.0072m
[INFO] [1790587497.730910]: 里程计: x=-1.130 y=-1.115 θ=-2.999 v=0.142m/s ω=-0.003rad/s
[INFO] [1790587499.479075]: 已发布 /odom: pose=(-1.38, -1.15, -3.01)
[INFO] [1790587499.729422]: 编码器: ltick=2249477 rtick=-204099 Δl=1908 Δr=1886 d_left=0.0073m d_right=0.0072m
[INFO] [1790587499.732440]: 里程计: x=-1.418 y=-1.154 θ=-3.008 v=0.142m/s ω=-0.002rad/s
[INFO] [1790587501.482487]: 已发布 /odom: pose=(-1.67, -1.19, -3.01)
[INFO] [1790587501.777236]: 编码器: ltick=2327414 rtick=-127024 Δl=1915 Δr=1867 d_left=0.0073m d_right=0.0072m
[INFO] [1790587501.781244]: 里程计: x=-1.712 y=-1.193 θ=-3.012 v=0.142m/s ω=-0.005rad/s
[INFO] [1790587503.483336]: 已发布 /odom: pose=(-1.96, -1.22, -3.01)
[INFO] [1790587503.778523]: 编码器: ltick=2402989 rtick=-51915 Δl=1871 Δr=1863 d_left=0.0072m d_right=0.0071m
[INFO] [1790587503.781568]: 里程计: x=-1.998 y=-1.230 θ=-3.014 v=0.141m/s ω=-0.001rad/s
[INFO] [1790587505.483402]: 已发布 /odom: pose=(-2.25, -1.26, -3.01)
[INFO] [1790587505.828307]: 编码器: ltick=2484128 rtick=29908 Δl=2220 Δr=2231 d_left=0.0085m d_right=0.0085m
[INFO] [1790587505.831241]: 里程计: x=-2.308 y=-1.270 θ=-3.011 v=0.168m/s ω=0.001rad/s
[INFO] [1790587507.526936]: 已发布 /odom: pose=(-2.57, -1.31, -2.93)
[INFO] [1790587507.878070]: 编码器: ltick=2552736 rtick=125749 Δl=1121 Δr=2488 d_left=0.0043m d_right=0.0095m
[INFO] [1790587507.881205]: 里程计: x=-2.619 y=-1.321 θ=-2.881 v=0.134m/s ω=0.127rad/s
[INFO] [1790587509.531146]: 已发布 /odom: pose=(-2.73, -1.36, -2.75)
[INFO] [1790587509.927696]: 编码器: ltick=2573795 rtick=177320 Δl=367 Δr=840 d_left=0.0014m d_right=0.0032m
[INFO] [1790587509.930977]: 里程计: x=-2.750 y=-1.367 θ=-2.735 v=0.046m/s ω=0.045rad/s
[INFO] [1790587511.581412]: 已发布 /odom: pose=(-2.81, -1.40, -2.72)
[INFO] [1790587511.978061]: 编码器: ltick=2594037 rtick=202736 Δl=144 Δr=942 d_left=0.0006m d_right=0.0036m
[INFO] [1790587511.981488]: 里程计: x=-2.830 y=-1.402 θ=-2.710 v=0.041m/s ω=0.075rad/s
[INFO] [1790587513.583250]: 已发布 /odom: pose=(-2.87, -1.42, -2.68)
[INFO] [1790587513.982152]: 编码器: ltick=2603573 rtick=214792 Δl=0 Δr=0 d_left=0.0000m d_right=0.0000m
[INFO] [1790587513.986167]: 里程计: x=-2.867 y=-1.420 θ=-2.698 v=0.000m/s ω=0.000rad/s
[INFO] [1790587515.583390]: 已发布 /odom: pose=(-2.87, -1.42, -2.70)
[INFO] [1790587516.050357]: 编码器: ltick=2603573 rtick=214792 Δl=0 Δr=0 d_left=0.0000m d_right=0.0000m
[INFO] [1790587516.053053]: 里程计: x=-2.867 y=-1.420 θ=-2.698 v=0.000m/s ω=0.000rad/s
[INFO] [1790587517.598997]: 已发布 /odom: pose=(-2.87, -1.42, -2.70)
[INFO] [1790587518.051365]: 编码器: ltick=2603573 rtick=214792 Δl=0 Δr=0 d_left=0.0000m d_right=0.0000m
[INFO] [1790587518.055538]: 里程计: x=-2.867 y=-1.420 θ=-2.698 v=0.000m/s ω=0.000rad/s
[INFO] [1790587519.651589]: 已发布 /odom: pose=(-2.87, -1.42, -2.70)
[INFO] [1790587520.103751]: 编码器: ltick=2603573 rtick=214792 Δl=0 Δr=0 d_left=0.0000m d_right=0.0000m
[INFO] [1790587520.106687]: 里程计: x=-2.867 y=-1.420 θ=-2.698 v=0.000m/s ω=0.000rad/s
[INFO] [1790587521.674694]: 已发布 /odom: pose=(-2.87, -1.42, -2.70)
[INFO] [1790587522.130507]: 编码器: ltick=2603573 rtick=214792 Δl=0 Δr=0 d_left=0.0000m d_right=0.0000m
[INFO] [1790587522.134423]: 里程计: x=-2.867 y=-1.420 θ=-2.698 v=0.000m/s ω=0.000rad/s
[INFO] [1790587523.684966]: 已发布 /odom: pose=(-2.87, -1.42, -2.70)
