[WARN] [1791548188.510512]: set_model_state 失败: service [/gz_debug/set_model_state] returned no response
[INFO] [1791548136.083676]: gazebo_sync 已启动
[INFO] [1791548136.087837]:   持续尝试连接 /gz_debug/set_model_state ...
[INFO] [1791548136.287009]:   ✅ 已连接 /gz_debug/set_model_state
[INFO] [1791548136.304280]: 已同步 Gazebo 位置: x=0.00 y=-0.80 θ=0.00
[INFO] [1791548138.306204]: 已同步 Gazebo 位置: x=0.00 y=-0.80 θ=0.00
[INFO] [1791548140.308864]: 已同步 Gazebo 位置: x=0.00 y=-0.80 θ=0.00
[INFO] [1791548142.522218]: 已同步 Gazebo 位置: x=0.00 y=-0.80 θ=0.00
[INFO] [1791548144.691185]: 已同步 Gazebo 位置: x=0.00 y=-0.80 θ=0.00
[INFO] [1791548146.705397]: 已同步 Gazebo 位置: x=0.00 y=-0.80 θ=-0.08
[INFO] [1791548148.893246]: 已同步 Gazebo 位置: x=0.00 y=-0.80 θ=-0.64
[INFO] [1791548151.102506]: 已同步 Gazebo 位置: x=0.00 y=-0.80 θ=-0.97
[INFO] [1791548153.291886]: 已同步 Gazebo 位置: x=-0.33 y=-0.95 θ=-0.98
[INFO] [1791548155.292145]: 已同步 Gazebo 位置: x=-0.49 y=-1.00 θ=-0.98
[INFO] [1791548157.497182]: 已同步 Gazebo 位置: x=-0.53 y=-1.01 θ=-0.98
[INFO] [1791548159.714748]: 已同步 Gazebo 位置: x=-0.81 y=-1.09 θ=-0.99
[INFO] [1791548161.892413]: 已同步 Gazebo 位置: x=-1.45 y=-1.24 θ=-1.00
[INFO] [1791548163.896037]: 已同步 Gazebo 位置: x=-2.04 y=-1.30 θ=-1.00
[INFO] [1791548166.092506]: 已同步 Gazebo 位置: x=-2.66 y=-1.35 θ=-0.99
[INFO] [1791548168.297766]: 已同步 Gazebo 位置: x=-2.90 y=-1.48 θ=-0.95
[INFO] [1791548170.496415]: 已同步 Gazebo 位置: x=-2.95 y=-1.52 θ=-0.94
[INFO] [1791548172.497530]: 已同步 Gazebo 位置: x=-2.96 y=-1.53 θ=-0.94
[INFO] [1791548174.693913]: 已同步 Gazebo 位置: x=-2.99 y=-1.56 θ=-0.94
[INFO] [1791548176.694398]: 已同步 Gazebo 位置: x=-3.00 y=-1.57 θ=-0.94
[INFO] [1791548178.890327]: 已同步 Gazebo 位置: x=-3.02 y=-1.58 θ=-0.94
[INFO] [1791548180.915039]: 已同步 Gazebo 位置: x=-3.04 y=-1.60 θ=-0.94
[INFO] [1791548183.096083]: 已同步 Gazebo 位置: x=-3.11 y=-1.66 θ=-0.95
[INFO] [1791548185.299365]: 已同步 Gazebo 位置: x=-3.24 y=-1.73 θ=-0.97
[INFO] [1791548187.490823]: 已同步 Gazebo 位置: x=-3.28 y=-1.76 θ=-0.97
