[INFO] [1791544075.924368]: [bridge] 串口已打开: /dev/ttyTHS0 @ 57600 (raw mode)
[INFO] [1791544075.945178]: [bridge] serial_bridge 已启动 (读+写合并)
[INFO] [1791544075.947174]: [bridge] wheel_base=0.4500, wheel_radius=0.1065
[INFO] [1791544075.972142]: [bridge] tick #1: ltick=14961854, rtick=7673828
[INFO] [1791544076.454473]: [bridge] 零速度兼容发送字节: b'l:0.000,r:0.000\r\n', b'l:0,r:0\r\n', b'r:0.000,l:0.000\r\n', b'V 0.000 0.000\r\n'
[INFO] [1791544076.457825]: [bridge] cmd_vel 超时 0.30s，主动发送零速度  [串口发送] l:0.000,r:0.000
[INFO] [1791544076.990923]: [bridge] tick #21: ltick=14961854, rtick=7673828
[INFO] [1791544077.534687]: [bridge] 零速度兼容发送字节: b'l:0.000,r:0.000\r\n', b'l:0,r:0\r\n', b'r:0.000,l:0.000\r\n', b'V 0.000 0.000\r\n'
[INFO] [1791544077.538104]: [bridge] cmd_vel 超时 0.30s，主动发送零速度  [串口发送] l:0.000,r:0.000
[INFO] [1791544078.026359]: [bridge] tick #42: ltick=14961854, rtick=7673828
[INFO] [1791544078.590716]: [bridge] 零速度兼容发送字节: b'l:0.000,r:0.000\r\n', b'l:0,r:0\r\n', b'r:0.000,l:0.000\r\n', b'V 0.000 0.000\r\n'
[INFO] [1791544078.595258]: [bridge] cmd_vel 超时 0.30s，主动发送零速度  [串口发送] l:0.000,r:0.000
[INFO] [1791544079.079329]: [bridge] tick #63: ltick=14961854, rtick=7673828
[INFO] [1791544079.690469]: [bridge] 零速度兼容发送字节: b'l:0.000,r:0.000\r\n', b'l:0,r:0\r\n', b'r:0.000,l:0.000\r\n', b'V 0.000 0.000\r\n'
[INFO] [1791544079.693724]: [bridge] cmd_vel 超时 0.30s，主动发送零速度  [串口发送] l:0.000,r:0.000
[INFO] [1791544080.100838]: [bridge] tick #83: ltick=14961854, rtick=7673828
[INFO] [1791544080.770893]: [bridge] 零速度兼容发送字节: b'l:0.000,r:0.000\r\n', b'l:0,r:0\r\n', b'r:0.000,l:0.000\r\n', b'V 0.000 0.000\r\n'
[INFO] [1791544080.778617]: [bridge] cmd_vel 超时 0.30s，主动发送零速度  [串口发送] l:0.000,r:0.000
[INFO] [1791544081.126802]: [bridge] tick #104: ltick=14961854, rtick=7673828
[INFO] [1791544081.882574]: [bridge] 零速度兼容发送字节: b'l:0.000,r:0.000\r\n', b'l:0,r:0\r\n', b'r:0.000,l:0.000\r\n', b'V 0.000 0.000\r\n'
[INFO] [1791544081.886663]: [bridge] cmd_vel 超时 0.30s，主动发送零速度  [串口发送] l:0.000,r:0.000
[INFO] [1791544082.162035]: [bridge] tick #124: ltick=14961854, rtick=7673828
[INFO] [1791544083.023607]: [bridge] 零速度兼容发送字节: b'l:0.000,r:0.000\r\n', b'l:0,r:0\r\n', b'r:0.000,l:0.000\r\n', b'V 0.000 0.000\r\n'
[INFO] [1791544083.031452]: [bridge] cmd_vel 超时 0.30s，主动发送零速度  [串口发送] l:0.000,r:0.000
[INFO] [1791544083.179030]: [bridge] tick #145: ltick=14961854, rtick=7673828
[INFO] [1791544084.172953]: [bridge] 零速度兼容发送字节: b'l:0.000,r:0.000\r\n', b'l:0,r:0\r\n', b'r:0.000,l:0.000\r\n', b'V 0.000 0.000\r\n'
[INFO] [1791544084.178490]: [bridge] cmd_vel 超时 0.30s，主动发送零速度  [串口发送] l:0.000,r:0.000
[INFO] [1791544084.235651]: [bridge] tick #166: ltick=14961854, rtick=7673828
[INFO] [1791544085.251396]: [bridge] tick #186: ltick=14961854, rtick=7673828
[INFO] [1791544085.300947]: [bridge] 零速度兼容发送字节: b'l:0.000,r:0.000\r\n', b'l:0,r:0\r\n', b'r:0.000,l:0.000\r\n', b'V 0.000 0.000\r\n'
[INFO] [1791544085.304538]: [bridge] cmd_vel 超时 0.30s，主动发送零速度  [串口发送] l:0.000,r:0.000
[INFO] [1791544086.273294]: [bridge] tick #207: ltick=14961854, rtick=7673828
[INFO] [1791544086.434834]: [bridge] 零速度兼容发送字节: b'l:0.000,r:0.000\r\n', b'l:0,r:0\r\n', b'r:0.000,l:0.000\r\n', b'V 0.000 0.000\r\n'
[INFO] [1791544086.437631]: [bridge] cmd_vel 超时 0.30s，主动发送零速度  [串口发送] l:0.000,r:0.000
[INFO] [1791544087.277885]: [bridge] tick #227: ltick=14961854, rtick=7673828
[INFO] [1791544087.503791]: [bridge] 零速度兼容发送字节: b'l:0.000,r:0.000\r\n', b'l:0,r:0\r\n', b'r:0.000,l:0.000\r\n', b'V 0.000 0.000\r\n'
[INFO] [1791544087.507883]: [bridge] cmd_vel 超时 0.30s，主动发送零速度  [串口发送] l:0.000,r:0.000
[INFO] [1791544088.338988]: [bridge] tick #248: ltick=14961854, rtick=7673828
[INFO] [1791544088.566409]: [bridge] 零速度兼容发送字节: b'l:0.000,r:0.000\r\n', b'l:0,r:0\r\n', b'r:0.000,l:0.000\r\n', b'V 0.000 0.000\r\n'
[INFO] [1791544088.569290]: [bridge] cmd_vel 超时 0.30s，主动发送零速度  [串口发送] l:0.000,r:0.000
[INFO] [1791544089.385299]: [bridge] tick #269: ltick=14961854, rtick=7673828
[INFO] [1791544089.606397]: [bridge] 零速度兼容发送字节: b'l:0.000,r:0.000\r\n', b'l:0,r:0\r\n', b'r:0.000,l:0.000\r\n', b'V 0.000 0.000\r\n'
[INFO] [1791544089.609010]: [bridge] cmd_vel 超时 0.30s，主动发送零速度  [串口发送] l:0.000,r:0.000
[INFO] [1791544090.410828]: [bridge] tick #289: ltick=14961854, rtick=7673828
[INFO] [1791544090.647222]: [bridge] 零速度兼容发送字节: b'l:0.000,r:0.000\r\n', b'l:0,r:0\r\n', b'r:0.000,l:0.000\r\n', b'V 0.000 0.000\r\n'
[INFO] [1791544090.651012]: [bridge] cmd_vel 超时 0.30s，主动发送零速度  [串口发送] l:0.000,r:0.000
[INFO] [1791544091.425319]: [bridge] tick #310: ltick=14961854, rtick=7673828
[INFO] [1791544091.726467]: [bridge] 零速度兼容发送字节: b'l:0.000,r:0.000\r\n', b'l:0,r:0\r\n', b'r:0.000,l:0.000\r\n', b'V 0.000 0.000\r\n'
[INFO] [1791544091.729857]: [bridge] cmd_vel 超时 0.30s，主动发送零速度  [串口发送] l:0.000,r:0.000
[INFO] [1791544092.466295]: [bridge] tick #330: ltick=14961854, rtick=7673828
[INFO] [1791544092.774828]: [bridge] 零速度兼容发送字节: b'l:0.000,r:0.000\r\n', b'l:0,r:0\r\n', b'r:0.000,l:0.000\r\n', b'V 0.000 0.000\r\n'
[INFO] [1791544092.778199]: [bridge] cmd_vel 超时 0.30s，主动发送零速度  [串口发送] l:0.000,r:0.000
[INFO] [1791544093.478105]: [bridge] tick #351: ltick=14961854, rtick=7673828
[INFO] [1791544093.838399]: [bridge] 零速度兼容发送字节: b'l:0.000,r:0.000\r\n', b'l:0,r:0\r\n', b'r:0.000,l:0.000\r\n', b'V 0.000 0.000\r\n'
[INFO] [1791544093.842573]: [bridge] cmd_vel 超时 0.30s，主动发送零速度  [串口发送] l:0.000,r:0.000
[INFO] [1791544094.510865]: [bridge] tick #371: ltick=14961854, rtick=7673828
[INFO] [1791544094.890432]: [bridge] 零速度兼容发送字节: b'l:0.000,r:0.000\r\n', b'l:0,r:0\r\n', b'r:0.000,l:0.000\r\n', b'V 0.000 0.000\r\n'
[INFO] [1791544094.894073]: [bridge] cmd_vel 超时 0.30s，主动发送零速度  [串口发送] l:0.000,r:0.000
[INFO] [1791544095.546828]: [bridge] tick #392: ltick=14961854, rtick=7673828
[INFO] [1791544095.946499]: [bridge] 零速度兼容发送字节: b'l:0.000,r:0.000\r\n', b'l:0,r:0\r\n', b'r:0.000,l:0.000\r\n', b'V 0.000 0.000\r\n'
[INFO] [1791544095.949378]: [bridge] cmd_vel 超时 0.30s，主动发送零速度  [串口发送] l:0.000,r:0.000
[INFO] [1791544096.552456]: [bridge] tick #412: ltick=14961854, rtick=7673828
[INFO] [1791544096.978570]: [bridge] 零速度兼容发送字节: b'l:0.000,r:0.000\r\n', b'l:0,r:0\r\n', b'r:0.000,l:0.000\r\n', b'V 0.000 0.000\r\n'
[INFO] [1791544096.981222]: [bridge] cmd_vel 超时 0.30s，主动发送零速度  [串口发送] l:0.000,r:0.000
[INFO] [1791544097.610953]: [bridge] tick #433: ltick=14961854, rtick=7673828
[INFO] [1791544098.088010]: [bridge] 零速度兼容发送字节: b'l:0.000,r:0.000\r\n', b'l:0,r:0\r\n', b'r:0.000,l:0.000\r\n', b'V 0.000 0.000\r\n'
[INFO] [1791544098.090378]: [bridge] cmd_vel 超时 0.30s，主动发送零速度  [串口发送] l:0.000,r:0.000
[INFO] [1791544098.634959]: [bridge] tick #454: ltick=14961854, rtick=7673828
[INFO] [1791544099.170593]: [bridge] 零速度兼容发送字节: b'l:0.000,r:0.000\r\n', b'l:0,r:0\r\n', b'r:0.000,l:0.000\r\n', b'V 0.000 0.000\r\n'
[INFO] [1791544099.177219]: [bridge] cmd_vel 超时 0.30s，主动发送零速度  [串口发送] l:0.000,r:0.000
[INFO] [1791544099.647226]: [bridge] tick #474: ltick=14961854, rtick=7673828
[INFO] [1791544100.286291]: [bridge] 零速度兼容发送字节: b'l:0.000,r:0.000\r\n', b'l:0,r:0\r\n', b'r:0.000,l:0.000\r\n', b'V 0.000 0.000\r\n'
[WARN] [1791544076.482762]: [bridge] 已持续发送零速度，但编码器仍在变化: Δl=0, Δr=0，若右轮仍转，多半是底层右轮停机执行/驱动问题
[WARN] [1791544077.490848]: [bridge] 已持续发送零速度，但编码器仍在变化: Δl=0, Δr=0，若右轮仍转，多半是底层右轮停机执行/驱动问题
[WARN] [1791544078.503606]: [bridge] 已持续发送零速度，但编码器仍在变化: Δl=0, Δr=0，若右轮仍转，多半是底层右轮停机执行/驱动问题
[WARN] [1791544079.531087]: [bridge] 已持续发送零速度，但编码器仍在变化: Δl=0, Δr=0，若右轮仍转，多半是底层右轮停机执行/驱动问题
[WARN] [1791544080.535367]: [bridge] 已持续发送零速度，但编码器仍在变化: Δl=0, Δr=0，若右轮仍转，多半是底层右轮停机执行/驱动问题
[WARN] [1791544081.539441]: [bridge] 已持续发送零速度，但编码器仍在变化: Δl=0, Δr=0，若右轮仍转，多半是底层右轮停机执行/驱动问题
[WARN] [1791544082.547763]: [bridge] 已持续发送零速度，但编码器仍在变化: Δl=0, Δr=0，若右轮仍转，多半是底层右轮停机执行/驱动问题
[WARN] [1791544083.551677]: [bridge] 已持续发送零速度，但编码器仍在变化: Δl=0, Δr=0，若右轮仍转，多半是底层右轮停机执行/驱动问题
[WARN] [1791544084.603605]: [bridge] 已持续发送零速度，但编码器仍在变化: Δl=0, Δr=0，若右轮仍转，多半是底层右轮停机执行/驱动问题
[WARN] [1791544085.639681]: [bridge] 已持续发送零速度，但编码器仍在变化: Δl=0, Δr=0，若右轮仍转，多半是底层右轮停机执行/驱动问题
[WARN] [1791544086.687186]: [bridge] 已持续发送零速度，但编码器仍在变化: Δl=0, Δr=0，若右轮仍转，多半是底层右轮停机执行/驱动问题
[WARN] [1791544087.725354]: [bridge] 已持续发送零速度，但编码器仍在变化: Δl=0, Δr=0，若右轮仍转，多半是底层右轮停机执行/驱动问题
[WARN] [1791544088.743277]: [bridge] 已持续发送零速度，但编码器仍在变化: Δl=0, Δr=0，若右轮仍转，多半是底层右轮停机执行/驱动问题
[WARN] [1791544089.794839]: [bridge] 已持续发送零速度，但编码器仍在变化: Δl=0, Δr=0，若右轮仍转，多半是底层右轮停机执行/驱动问题
[WARN] [1791544090.839069]: [bridge] 已持续发送零速度，但编码器仍在变化: Δl=0, Δr=0，若右轮仍转，多半是底层右轮停机执行/驱动问题
[WARN] [1791544091.839562]: [bridge] 已持续发送零速度，但编码器仍在变化: Δl=0, Δr=0，若右轮仍转，多半是底层右轮停机执行/驱动问题
[WARN] [1791544092.840814]: [bridge] 已持续发送零速度，但编码器仍在变化: Δl=0, Δr=0，若右轮仍转，多半是底层右轮停机执行/驱动问题
[WARN] [1791544093.891089]: [bridge] 已持续发送零速度，但编码器仍在变化: Δl=0, Δr=0，若右轮仍转，多半是底层右轮停机执行/驱动问题
[WARN] [1791544094.936374]: [bridge] 已持续发送零速度，但编码器仍在变化: Δl=0, Δr=0，若右轮仍转，多半是底层右轮停机执行/驱动问题
[WARN] [1791544095.998819]: [bridge] 已持续发送零速度，但编码器仍在变化: Δl=0, Δr=0，若右轮仍转，多半是底层右轮停机执行/驱动问题
[WARN] [1791544097.031063]: [bridge] 已持续发送零速度，但编码器仍在变化: Δl=0, Δr=0，若右轮仍转，多半是底层右轮停机执行/驱动问题
[WARN] [1791544098.066903]: [bridge] 已持续发送零速度，但编码器仍在变化: Δl=0, Δr=0，若右轮仍转，多半是底层右轮停机执行/驱动问题
[WARN] [1791544099.079155]: [bridge] 已持续发送零速度，但编码器仍在变化: Δl=0, Δr=0，若右轮仍转，多半是底层右轮停机执行/驱动问题
[WARN] [1791544100.115286]: [bridge] 已持续发送零速度，但编码器仍在变化: Δl=0, Δr=0，若右轮仍转，多半是底层右轮停机执行/驱动问题
[WARN] [1791544101.125358]: [bridge] 已持续发送零速度，但编码器仍在变化: Δl=0, Δr=0，若右轮仍转，多半是底层右轮停机执行/驱动问题
[WARN] [1791544102.170962]: [bridge] 已持续发送零速度，但编码器仍在变化: Δl=0, Δr=0，若右轮仍转，多半是底层右轮停机执行/驱动问题
[WARN] [1791544103.222906]: [bridge] 已持续发送零速度，但编码器仍在变化: Δl=0, Δr=0，若右轮仍转，多半是底层右轮停机执行/驱动问题
[WARN] [1791544104.224390]: [bridge] 已持续发送零速度，但编码器仍在变化: Δl=0, Δr=0，若右轮仍转，多半是底层右轮停机执行/驱动问题
[WARN] [1791544105.224828]: [bridge] 已持续发送零速度，但编码器仍在变化: Δl=0, Δr=0，若右轮仍转，多半是底层右轮停机执行/驱动问题
[WARN] [1791544106.247010]: [bridge] 已持续发送零速度，但编码器仍在变化: Δl=0, Δr=0，若右轮仍转，多半是底层右轮停机执行/驱动问题
[WARN] [1791544107.263210]: [bridge] 已持续发送零速度，但编码器仍在变化: Δl=0, Δr=0，若右轮仍转，多半是底层右轮停机执行/驱动问题
[WARN] [1791544108.310366]: [bridge] 已持续发送零速度，但编码器仍在变化: Δl=0, Δr=0，若右轮仍转，多半是底层右轮停机执行/驱动问题
[WARN] [1791544109.351145]: [bridge] 已持续发送零速度，但编码器仍在变化: Δl=0, Δr=0，若右轮仍转，多半是底层右轮停机执行/驱动问题
[WARN] [1791544110.407283]: [bridge] 已持续发送零速度，但编码器仍在变化: Δl=0, Δr=0，若右轮仍转，多半是底层右轮停机执行/驱动问题
[WARN] [1791544111.439004]: [bridge] 已持续发送零速度，但编码器仍在变化: Δl=0, Δr=0，若右轮仍转，多半是底层右轮停机执行/驱动问题
[WARN] [1791544112.506899]: [bridge] 已持续发送零速度，但编码器仍在变化: Δl=0, Δr=0，若右轮仍转，多半是底层右轮停机执行/驱动问题
[WARN] [1791544113.570977]: [bridge] 已持续发送零速度，但编码器仍在变化: Δl=0, Δr=0，若右轮仍转，多半是底层右轮停机执行/驱动问题
[WARN] [1791544114.587394]: [bridge] 已持续发送零速度，但编码器仍在变化: Δl=0, Δr=0，若右轮仍转，多半是底层右轮停机执行/驱动问题
[WARN] [1791544115.635169]: [bridge] 已持续发送零速度，但编码器仍在变化: Δl=0, Δr=0，若右轮仍转，多半是底层右轮停机执行/驱动问题
[WARN] [1791544116.659103]: [bridge] 已持续发送零速度，但编码器仍在变化: Δl=0, Δr=0，若右轮仍转，多半是底层右轮停机执行/驱动问题
[WARN] [1791544117.687709]: [bridge] 已持续发送零速度，但编码器仍在变化: Δl=0, Δr=0，若右轮仍转，多半是底层右轮停机执行/驱动问题
[WARN] [1791544118.690686]: [bridge] 已持续发送零速度，但编码器仍在变化: Δl=0, Δr=0，若右轮仍转，多半是底层右轮停机执行/驱动问题
[WARN] [1791544119.714529]: [bridge] 已持续发送零速度，但编码器仍在变化: Δl=0, Δr=0，若右轮仍转，多半是底层右轮停机执行/驱动问题
[WARN] [1791544120.728194]: [bridge] 已持续发送零速度，但编码器仍在变化: Δl=0, Δr=0，若右轮仍转，多半是底层右轮停机执行/驱动问题
[WARN] [1791544121.747310]: [bridge] 已持续发送零速度，但编码器仍在变化: Δl=0, Δr=0，若右轮仍转，多半是底层右轮停机执行/驱动问题
[WARN] [1791544122.784227]: [bridge] 已持续发送零速度，但编码器仍在变化: Δl=0, Δr=0，若右轮仍转，多半是底层右轮停机执行/驱动问题
[WARN] [1791544123.795362]: [bridge] 已持续发送零速度，但编码器仍在变化: Δl=0, Δr=0，若右轮仍转，多半是底层右轮停机执行/驱动问题
[WARN] [1791544124.819197]: [bridge] 已持续发送零速度，但编码器仍在变化: Δl=0, Δr=0，若右轮仍转，多半是底层右轮停机执行/驱动问题
[INFO] [1791544100.288834]: [bridge] cmd_vel 超时 0.30s，主动发送零速度  [串口发送] l:0.000,r:0.000
[INFO] [1791544100.687388]: [bridge] tick #495: ltick=14961854, rtick=7673828
[INFO] [1791544101.346371]: [bridge] 零速度兼容发送字节: b'l:0.000,r:0.000\r\n', b'l:0,r:0\r\n', b'r:0.000,l:0.000\r\n', b'V 0.000 0.000\r\n'
[INFO] [1791544101.349149]: [bridge] cmd_vel 超时 0.30s，主动发送零速度  [串口发送] l:0.000,r:0.000
[INFO] [1791544101.746275]: [bridge] tick #516: ltick=14961854, rtick=7673828
[INFO] [1791544102.402406]: [bridge] 零速度兼容发送字节: b'l:0.000,r:0.000\r\n', b'l:0,r:0\r\n', b'r:0.000,l:0.000\r\n', b'V 0.000 0.000\r\n'
[INFO] [1791544102.405178]: [bridge] cmd_vel 超时 0.30s，主动发送零速度  [串口发送] l:0.000,r:0.000
[INFO] [1791544102.807085]: [bridge] tick #537: ltick=14961854, rtick=7673828
[INFO] [1791544103.454575]: [bridge] 零速度兼容发送字节: b'l:0.000,r:0.000\r\n', b'l:0,r:0\r\n', b'r:0.000,l:0.000\r\n', b'V 0.000 0.000\r\n'
[INFO] [1791544103.457647]: [bridge] cmd_vel 超时 0.30s，主动发送零速度  [串口发送] l:0.000,r:0.000
[INFO] [1791544103.871115]: [bridge] tick #558: ltick=14961854, rtick=7673828
[INFO] [1791544104.518351]: [bridge] 零速度兼容发送字节: b'l:0.000,r:0.000\r\n', b'l:0,r:0\r\n', b'r:0.000,l:0.000\r\n', b'V 0.000 0.000\r\n'
[INFO] [1791544104.521355]: [bridge] cmd_vel 超时 0.30s，主动发送零速度  [串口发送] l:0.000,r:0.000
[INFO] [1791544104.886198]: [bridge] tick #579: ltick=14961854, rtick=7673828
[INFO] [1791544105.566470]: [bridge] 零速度兼容发送字节: b'l:0.000,r:0.000\r\n', b'l:0,r:0\r\n', b'r:0.000,l:0.000\r\n', b'V 0.000 0.000\r\n'
[INFO] [1791544105.570873]: [bridge] cmd_vel 超时 0.30s，主动发送零速度  [串口发送] l:0.000,r:0.000
[INFO] [1791544105.895138]: [bridge] tick #599: ltick=14961854, rtick=7673828
[INFO] [1791544106.618345]: [bridge] 零速度兼容发送字节: b'l:0.000,r:0.000\r\n', b'l:0,r:0\r\n', b'r:0.000,l:0.000\r\n', b'V 0.000 0.000\r\n'
[INFO] [1791544106.621068]: [bridge] cmd_vel 超时 0.30s，主动发送零速度  [串口发送] l:0.000,r:0.000
[INFO] [1791544106.902436]: [bridge] tick #619: ltick=14961854, rtick=7673828
[INFO] [1791544107.706431]: [bridge] 零速度兼容发送字节: b'l:0.000,r:0.000\r\n', b'l:0,r:0\r\n', b'r:0.000,l:0.000\r\n', b'V 0.000 0.000\r\n'
[INFO] [1791544107.709331]: [bridge] cmd_vel 超时 0.30s，主动发送零速度  [串口发送] l:0.000,r:0.000
[INFO] [1791544107.974928]: [bridge] tick #640: ltick=14961854, rtick=7673828
[INFO] [1791544108.774414]: [bridge] 零速度兼容发送字节: b'l:0.000,r:0.000\r\n', b'l:0,r:0\r\n', b'r:0.000,l:0.000\r\n', b'V 0.000 0.000\r\n'
[INFO] [1791544108.777726]: [bridge] cmd_vel 超时 0.30s，主动发送零速度  [串口发送] l:0.000,r:0.000
[INFO] [1791544108.976530]: [bridge] tick #661: ltick=14961854, rtick=7673828
[INFO] [1791544109.863365]: [bridge] 零速度兼容发送字节: b'l:0.000,r:0.000\r\n', b'l:0,r:0\r\n', b'r:0.000,l:0.000\r\n', b'V 0.000 0.000\r\n'
[INFO] [1791544109.866687]: [bridge] cmd_vel 超时 0.30s，主动发送零速度  [串口发送] l:0.000,r:0.000
[INFO] [1791544109.988673]: [bridge] tick #681: ltick=14961854, rtick=7673828
[INFO] [1791544110.910393]: [bridge] 零速度兼容发送字节: b'l:0.000,r:0.000\r\n', b'l:0,r:0\r\n', b'r:0.000,l:0.000\r\n', b'V 0.000 0.000\r\n'
[INFO] [1791544110.913013]: [bridge] cmd_vel 超时 0.30s，主动发送零速度  [串口发送] l:0.000,r:0.000
[INFO] [1791544111.031263]: [bridge] tick #702: ltick=14961854, rtick=7673828
[INFO] [1791544111.966697]: [bridge] 零速度兼容发送字节: b'l:0.000,r:0.000\r\n', b'l:0,r:0\r\n', b'r:0.000,l:0.000\r\n', b'V 0.000 0.000\r\n'
[INFO] [1791544111.976179]: [bridge] cmd_vel 超时 0.30s，主动发送零速度  [串口发送] l:0.000,r:0.000
[INFO] [1791544112.033925]: [bridge] tick #722: ltick=14961854, rtick=7673828
[INFO] [1791544113.022907]: [bridge] 零速度兼容发送字节: b'l:0.000,r:0.000\r\n', b'l:0,r:0\r\n', b'r:0.000,l:0.000\r\n', b'V 0.000 0.000\r\n'
[INFO] [1791544113.027838]: [bridge] cmd_vel 超时 0.30s，主动发送零速度  [串口发送] l:0.000,r:0.000
[INFO] [1791544113.087147]: [bridge] tick #743: ltick=14961854, rtick=7673828
[INFO] [1791544114.086601]: [bridge] 零速度兼容发送字节: b'l:0.000,r:0.000\r\n', b'l:0,r:0\r\n', b'r:0.000,l:0.000\r\n', b'V 0.000 0.000\r\n'
[INFO] [1791544114.089694]: [bridge] cmd_vel 超时 0.30s，主动发送零速度  [串口发送] l:0.000,r:0.000
[INFO] [1791544114.142615]: [bridge] tick #764: ltick=14961854, rtick=7673828
[INFO] [1791544115.146933]: [bridge] 零速度兼容发送字节: b'l:0.000,r:0.000\r\n', b'l:0,r:0\r\n', b'r:0.000,l:0.000\r\n', b'V 0.000 0.000\r\n'
[INFO] [1791544115.152231]: [bridge] cmd_vel 超时 0.30s，主动发送零速度  [串口发送] l:0.000,r:0.000
[INFO] [1791544115.197289]: [bridge] tick #785: ltick=14961854, rtick=7673828
[INFO] [1791544116.202929]: [bridge] tick #805: ltick=14961854, rtick=7673828
[INFO] [1791544116.237580]: [bridge] 零速度兼容发送字节: b'l:0.000,r:0.000\r\n', b'l:0,r:0\r\n', b'r:0.000,l:0.000\r\n', b'V 0.000 0.000\r\n'
[INFO] [1791544116.241714]: [bridge] cmd_vel 超时 0.30s，主动发送零速度  [串口发送] l:0.000,r:0.000
[INFO] [1791544117.247788]: [bridge] tick #826: ltick=14961854, rtick=7673828
[INFO] [1791544117.334633]: [bridge] 零速度兼容发送字节: b'l:0.000,r:0.000\r\n', b'l:0,r:0\r\n', b'r:0.000,l:0.000\r\n', b'V 0.000 0.000\r\n'
[INFO] [1791544117.337405]: [bridge] cmd_vel 超时 0.30s，主动发送零速度  [串口发送] l:0.000,r:0.000
[INFO] [1791544118.290828]: [bridge] tick #847: ltick=14961854, rtick=7673828
[INFO] [1791544118.402666]: [bridge] 零速度兼容发送字节: b'l:0.000,r:0.000\r\n', b'l:0,r:0\r\n', b'r:0.000,l:0.000\r\n', b'V 0.000 0.000\r\n'
[INFO] [1791544118.405730]: [bridge] cmd_vel 超时 0.30s，主动发送零速度  [串口发送] l:0.000,r:0.000
[INFO] [1791544119.343325]: [bridge] tick #868: ltick=14961854, rtick=7673828
[INFO] [1791544119.431228]: [bridge] 零速度兼容发送字节: b'l:0.000,r:0.000\r\n', b'l:0,r:0\r\n', b'r:0.000,l:0.000\r\n', b'V 0.000 0.000\r\n'
[INFO] [1791544119.434756]: [bridge] cmd_vel 超时 0.30s，主动发送零速度  [串口发送] l:0.000,r:0.000
[INFO] [1791544120.363105]: [bridge] tick #888: ltick=14961854, rtick=7673828
[INFO] [1791544120.518307]: [bridge] 零速度兼容发送字节: b'l:0.000,r:0.000\r\n', b'l:0,r:0\r\n', b'r:0.000,l:0.000\r\n', b'V 0.000 0.000\r\n'
[INFO] [1791544120.521562]: [bridge] cmd_vel 超时 0.30s，主动发送零速度  [串口发送] l:0.000,r:0.000
[INFO] [1791544121.431349]: [bridge] tick #909: ltick=14961854, rtick=7673828
[INFO] [1791544121.606846]: [bridge] 零速度兼容发送字节: b'l:0.000,r:0.000\r\n', b'l:0,r:0\r\n', b'r:0.000,l:0.000\r\n', b'V 0.000 0.000\r\n'
[INFO] [1791544121.609907]: [bridge] cmd_vel 超时 0.30s，主动发送零速度  [串口发送] l:0.000,r:0.000
[INFO] [1791544122.480463]: [bridge] tick #931: ltick=14961854, rtick=7673828
[INFO] [1791544122.721322]: [bridge] 零速度兼容发送字节: b'l:0.000,r:0.000\r\n', b'l:0,r:0\r\n', b'r:0.000,l:0.000\r\n', b'V 0.000 0.000\r\n'
[INFO] [1791544122.724960]: [bridge] cmd_vel 超时 0.30s，主动发送零速度  [串口发送] l:0.000,r:0.000
[INFO] [1791544123.511033]: [bridge] tick #951: ltick=14961854, rtick=7673828
[INFO] [1791544123.833754]: [bridge] 零速度兼容发送字节: b'l:0.000,r:0.000\r\n', b'l:0,r:0\r\n', b'r:0.000,l:0.000\r\n', b'V 0.000 0.000\r\n'
[INFO] [1791544123.838198]: [bridge] cmd_vel 超时 0.30s，主动发送零速度  [串口发送] l:0.000,r:0.000
[INFO] [1791544124.527078]: [bridge] tick #972: ltick=14961854, rtick=7673828
[INFO] [1791544124.906639]: [bridge] 零速度兼容发送字节: b'l:0.000,r:0.000\r\n', b'l:0,r:0\r\n', b'r:0.000,l:0.000\r\n', b'V 0.000 0.000\r\n'
[INFO] [1791544124.909864]: [bridge] cmd_vel 超时 0.30s，主动发送零速度  [串口发送] l:0.000,r:0.000
[INFO] [1791544125.535008]: [bridge] tick #992: ltick=14961854, rtick=7673828
[WARN] [1791544125.825859]: [bridge] 已持续发送零速度，但编码器仍在变化: Δl=0, Δr=0，若右轮仍转，多半是底层右轮停机执行/驱动问题
[WARN] [1791544126.830345]: [bridge] 已持续发送零速度，但编码器仍在变化: Δl=0, Δr=0，若右轮仍转，多半是底层右轮停机执行/驱动问题
[WARN] [1791544127.831953]: [bridge] 已持续发送零速度，但编码器仍在变化: Δl=0, Δr=0，若右轮仍转，多半是底层右轮停机执行/驱动问题
[WARN] [1791544128.835599]: [bridge] 已持续发送零速度，但编码器仍在变化: Δl=0, Δr=0，若右轮仍转，多半是底层右轮停机执行/驱动问题
[WARN] [1791544129.895073]: [bridge] 已持续发送零速度，但编码器仍在变化: Δl=0, Δr=0，若右轮仍转，多半是底层右轮停机执行/驱动问题
[WARN] [1791544130.959789]: [bridge] 已持续发送零速度，但编码器仍在变化: Δl=0, Δr=0，若右轮仍转，多半是底层右轮停机执行/驱动问题
[WARN] [1791544131.977871]: [bridge] 已持续发送零速度，但编码器仍在变化: Δl=0, Δr=0，若右轮仍转，多半是底层右轮停机执行/驱动问题
[ERROR] [1791544132.507951]: [bridge] 串口底层写入失败: [Errno 9] Bad file descriptor
[INFO] [1791544125.966383]: [bridge] 零速度兼容发送字节: b'l:0.000,r:0.000\r\n', b'l:0,r:0\r\n', b'r:0.000,l:0.000\r\n', b'V 0.000 0.000\r\n'
[INFO] [1791544125.972119]: [bridge] cmd_vel 超时 0.30s，主动发送零速度  [串口发送] l:0.000,r:0.000
[INFO] [1791544126.603291]: [bridge] tick #1013: ltick=14961854, rtick=7673828
[INFO] [1791544127.059653]: [bridge] 零速度兼容发送字节: b'l:0.000,r:0.000\r\n', b'l:0,r:0\r\n', b'r:0.000,l:0.000\r\n', b'V 0.000 0.000\r\n'
[INFO] [1791544127.064280]: [bridge] cmd_vel 超时 0.30s，主动发送零速度  [串口发送] l:0.000,r:0.000
[INFO] [1791544127.606826]: [bridge] tick #1033: ltick=14961854, rtick=7673828
[INFO] [1791544128.130537]: [bridge] 零速度兼容发送字节: b'l:0.000,r:0.000\r\n', b'l:0,r:0\r\n', b'r:0.000,l:0.000\r\n', b'V 0.000 0.000\r\n'
[INFO] [1791544128.133528]: [bridge] cmd_vel 超时 0.30s，主动发送零速度  [串口发送] l:0.000,r:0.000
[INFO] [1791544128.622902]: [bridge] tick #1053: ltick=14961854, rtick=7673828
[INFO] [1791544129.218571]: [bridge] 零速度兼容发送字节: b'l:0.000,r:0.000\r\n', b'l:0,r:0\r\n', b'r:0.000,l:0.000\r\n', b'V 0.000 0.000\r\n'
[INFO] [1791544129.221352]: [bridge] cmd_vel 超时 0.30s，主动发送零速度  [串口发送] l:0.000,r:0.000
[INFO] [1791544129.629173]: [bridge] tick #1074: ltick=14961854, rtick=7673828
[INFO] [1791544130.274540]: [bridge] 零速度兼容发送字节: b'l:0.000,r:0.000\r\n', b'l:0,r:0\r\n', b'r:0.000,l:0.000\r\n', b'V 0.000 0.000\r\n'
[INFO] [1791544130.278938]: [bridge] cmd_vel 超时 0.30s，主动发送零速度  [串口发送] l:0.000,r:0.000
[INFO] [1791544130.683174]: [bridge] tick #1095: ltick=14961854, rtick=7673828
[INFO] [1791544131.335947]: [bridge] 零速度兼容发送字节: b'l:0.000,r:0.000\r\n', b'l:0,r:0\r\n', b'r:0.000,l:0.000\r\n', b'V 0.000 0.000\r\n'
[INFO] [1791544131.339051]: [bridge] cmd_vel 超时 0.30s，主动发送零速度  [串口发送] l:0.000,r:0.000
[INFO] [1791544131.740122]: [bridge] tick #1116: ltick=14961854, rtick=7673828
[INFO] [1791544132.430659]: [bridge] 零速度兼容发送字节: b'l:0.000,r:0.000\r\n', b'l:0,r:0\r\n', b'r:0.000,l:0.000\r\n', b'V 0.000 0.000\r\n'
[INFO] [1791544132.497521]: [bridge] 串口已关闭
[INFO] [1791544132.515820]: [bridge] cmd_vel 超时 0.30s，主动发送零速度  [串口发送] l:0.000,r:0.000
